// Jest Snapshot v1, https://goo.gl/fbAQLP

exports[`Step Functions for Cases 1`] = `
Object {
  "Parameters": Object {
    "BootstrapVersion": Object {
      "Default": "/cdk-bootstrap/hnb659fds/version",
      "Description": "Version of the CDK Bootstrap resources in this environment, automatically retrieved from SSM Parameter Store. [cdk:skip]",
      "Type": "AWS::SSM::Parameter::Value<String>",
    },
  },
  "Resources": Object {
    "StateMachine2E01A3A5": Object {
      "DependsOn": Array [
        "StateMachineRoleDefaultPolicyDF1E6607",
        "StateMachineRoleB840431D",
      ],
      "Properties": Object {
        "DefinitionString": Object {
          "Fn::Join": Array [
            "",
            Array [
              "{\\"StartAt\\":\\"Open Case\\",\\"States\\":{\\"Open Case\\":{\\"Next\\":\\"Assign Case\\",\\"Retry\\":[{\\"ErrorEquals\\":[\\"Lambda.ServiceException\\",\\"Lambda.AWSLambdaException\\",\\"Lambda.SdkClientException\\"],\\"IntervalSeconds\\":2,\\"MaxAttempts\\":6,\\"BackoffRate\\":2}],\\"Type\\":\\"Task\\",\\"OutputPath\\":\\"$.Payload\\",\\"Resource\\":\\"arn:",
              Object {
                "Ref": "AWS::Partition",
              },
              ":states:::lambda:invoke\\",\\"Parameters\\":{\\"FunctionName\\":\\"",
              Object {
                "Fn::GetAtt": Array [
                  "openCaseFunction64DF09DE",
                  "Arn",
                ],
              },
              "\\",\\"Payload.$\\":\\"$\\"}},\\"Assign Case\\":{\\"Next\\":\\"Work On Case\\",\\"Retry\\":[{\\"ErrorEquals\\":[\\"Lambda.ServiceException\\",\\"Lambda.AWSLambdaException\\",\\"Lambda.SdkClientException\\"],\\"IntervalSeconds\\":2,\\"MaxAttempts\\":6,\\"BackoffRate\\":2}],\\"Type\\":\\"Task\\",\\"OutputPath\\":\\"$.Payload\\",\\"Resource\\":\\"arn:",
              Object {
                "Ref": "AWS::Partition",
              },
              ":states:::lambda:invoke\\",\\"Parameters\\":{\\"FunctionName\\":\\"",
              Object {
                "Fn::GetAtt": Array [
                  "assignCaseFunction59553755",
                  "Arn",
                ],
              },
              "\\",\\"Payload.$\\":\\"$\\"}},\\"Work On Case\\":{\\"Next\\":\\"Is Case Resolved\\",\\"Retry\\":[{\\"ErrorEquals\\":[\\"Lambda.ServiceException\\",\\"Lambda.AWSLambdaException\\",\\"Lambda.SdkClientException\\"],\\"IntervalSeconds\\":2,\\"MaxAttempts\\":6,\\"BackoffRate\\":2}],\\"Type\\":\\"Task\\",\\"OutputPath\\":\\"$.Payload\\",\\"Resource\\":\\"arn:",
              Object {
                "Ref": "AWS::Partition",
              },
              ":states:::lambda:invoke\\",\\"Parameters\\":{\\"FunctionName\\":\\"",
              Object {
                "Fn::GetAtt": Array [
                  "workOnCaseFunction65F13148",
                  "Arn",
                ],
              },
              "\\",\\"Payload.$\\":\\"$\\"}},\\"Is Case Resolved\\":{\\"Type\\":\\"Choice\\",\\"Choices\\":[{\\"Variable\\":\\"$.Status\\",\\"NumericEquals\\":1,\\"Next\\":\\"Close Case\\"},{\\"Variable\\":\\"$.Status\\",\\"NumericEquals\\":0,\\"Next\\":\\"Escalate Case\\"}]},\\"Close Case\\":{\\"End\\":true,\\"Retry\\":[{\\"ErrorEquals\\":[\\"Lambda.ServiceException\\",\\"Lambda.AWSLambdaException\\",\\"Lambda.SdkClientException\\"],\\"IntervalSeconds\\":2,\\"MaxAttempts\\":6,\\"BackoffRate\\":2}],\\"Type\\":\\"Task\\",\\"OutputPath\\":\\"$.Payload\\",\\"Resource\\":\\"arn:",
              Object {
                "Ref": "AWS::Partition",
              },
              ":states:::lambda:invoke\\",\\"Parameters\\":{\\"FunctionName\\":\\"",
              Object {
                "Fn::GetAtt": Array [
                  "closeCaseFunctionF5FEF3D0",
                  "Arn",
                ],
              },
              "\\",\\"Payload.$\\":\\"$\\"}},\\"Escalate Case\\":{\\"Next\\":\\"Fail\\",\\"Retry\\":[{\\"ErrorEquals\\":[\\"Lambda.ServiceException\\",\\"Lambda.AWSLambdaException\\",\\"Lambda.SdkClientException\\"],\\"IntervalSeconds\\":2,\\"MaxAttempts\\":6,\\"BackoffRate\\":2}],\\"Type\\":\\"Task\\",\\"OutputPath\\":\\"$.Payload\\",\\"Resource\\":\\"arn:",
              Object {
                "Ref": "AWS::Partition",
              },
              ":states:::lambda:invoke\\",\\"Parameters\\":{\\"FunctionName\\":\\"",
              Object {
                "Fn::GetAtt": Array [
                  "escalateCaseFunction2DE16F3F",
                  "Arn",
                ],
              },
              "\\",\\"Payload.$\\":\\"$\\"}},\\"Fail\\":{\\"Type\\":\\"Fail\\",\\"Cause\\":\\"Engage Tier 2 Support\\"}}}",
            ],
          ],
        },
        "RoleArn": Object {
          "Fn::GetAtt": Array [
            "StateMachineRoleB840431D",
            "Arn",
          ],
        },
      },
      "Type": "AWS::StepFunctions::StateMachine",
    },
    "StateMachineRoleB840431D": Object {
      "Properties": Object {
        "AssumeRolePolicyDocument": Object {
          "Statement": Array [
            Object {
              "Action": "sts:AssumeRole",
              "Effect": "Allow",
              "Principal": Object {
                "Service": Object {
                  "Fn::Join": Array [
                    "",
                    Array [
                      "states.",
                      Object {
                        "Ref": "AWS::Region",
                      },
                      ".amazonaws.com",
                    ],
                  ],
                },
              },
            },
          ],
          "Version": "2012-10-17",
        },
      },
      "Type": "AWS::IAM::Role",
    },
    "StateMachineRoleDefaultPolicyDF1E6607": Object {
      "Properties": Object {
        "PolicyDocument": Object {
          "Statement": Array [
            Object {
              "Action": "lambda:InvokeFunction",
              "Effect": "Allow",
              "Resource": Object {
                "Fn::GetAtt": Array [
                  "openCaseFunction64DF09DE",
                  "Arn",
                ],
              },
            },
            Object {
              "Action": "lambda:InvokeFunction",
              "Effect": "Allow",
              "Resource": Object {
                "Fn::GetAtt": Array [
                  "assignCaseFunction59553755",
                  "Arn",
                ],
              },
            },
            Object {
              "Action": "lambda:InvokeFunction",
              "Effect": "Allow",
              "Resource": Object {
                "Fn::GetAtt": Array [
                  "workOnCaseFunction65F13148",
                  "Arn",
                ],
              },
            },
            Object {
              "Action": "lambda:InvokeFunction",
              "Effect": "Allow",
              "Resource": Object {
                "Fn::GetAtt": Array [
                  "closeCaseFunctionF5FEF3D0",
                  "Arn",
                ],
              },
            },
            Object {
              "Action": "lambda:InvokeFunction",
              "Effect": "Allow",
              "Resource": Object {
                "Fn::GetAtt": Array [
                  "escalateCaseFunction2DE16F3F",
                  "Arn",
                ],
              },
            },
          ],
          "Version": "2012-10-17",
        },
        "PolicyName": "StateMachineRoleDefaultPolicyDF1E6607",
        "Roles": Array [
          Object {
            "Ref": "StateMachineRoleB840431D",
          },
        ],
      },
      "Type": "AWS::IAM::Policy",
    },
    "assignCaseFunction59553755": Object {
      "DependsOn": Array [
        "assignCaseFunctionServiceRole56B929C6",
      ],
      "Properties": Object {
        "Code": Object {
          "S3Bucket": Object {
            "Fn::Sub": "cdk-hnb659fds-assets-\${AWS::AccountId}-\${AWS::Region}",
          },
          "S3Key": "01f0e0fe9031514897abc561ed798ac09acadc1cc49d8a54b5dfa67eb107bfd7.zip",
        },
        "Environment": Object {
          "Variables": Object {
            "AWS_NODEJS_CONNECTION_REUSE_ENABLED": "1",
          },
        },
        "Handler": "index.handler",
        "Role": Object {
          "Fn::GetAtt": Array [
            "assignCaseFunctionServiceRole56B929C6",
            "Arn",
          ],
        },
        "Runtime": "nodejs14.x",
      },
      "Type": "AWS::Lambda::Function",
    },
    "assignCaseFunctionServiceRole56B929C6": Object {
      "Properties": Object {
        "AssumeRolePolicyDocument": Object {
          "Statement": Array [
            Object {
              "Action": "sts:AssumeRole",
              "Effect": "Allow",
              "Principal": Object {
                "Service": "lambda.amazonaws.com",
              },
            },
          ],
          "Version": "2012-10-17",
        },
        "ManagedPolicyArns": Array [
          Object {
            "Fn::Join": Array [
              "",
              Array [
                "arn:",
                Object {
                  "Ref": "AWS::Partition",
                },
                ":iam::aws:policy/service-role/AWSLambdaBasicExecutionRole",
              ],
            ],
          },
        ],
      },
      "Type": "AWS::IAM::Role",
    },
    "closeCaseFunctionF5FEF3D0": Object {
      "DependsOn": Array [
        "closeCaseFunctionServiceRole0F6F67D6",
      ],
      "Properties": Object {
        "Code": Object {
          "S3Bucket": Object {
            "Fn::Sub": "cdk-hnb659fds-assets-\${AWS::AccountId}-\${AWS::Region}",
          },
          "S3Key": "ffd8440092ccc8b1074f72823c552009a76197999d398d49c35de9e940a3800e.zip",
        },
        "Environment": Object {
          "Variables": Object {
            "AWS_NODEJS_CONNECTION_REUSE_ENABLED": "1",
          },
        },
        "Handler": "index.handler",
        "Role": Object {
          "Fn::GetAtt": Array [
            "closeCaseFunctionServiceRole0F6F67D6",
            "Arn",
          ],
        },
        "Runtime": "nodejs14.x",
      },
      "Type": "AWS::Lambda::Function",
    },
    "closeCaseFunctionServiceRole0F6F67D6": Object {
      "Properties": Object {
        "AssumeRolePolicyDocument": Object {
          "Statement": Array [
            Object {
              "Action": "sts:AssumeRole",
              "Effect": "Allow",
              "Principal": Object {
                "Service": "lambda.amazonaws.com",
              },
            },
          ],
          "Version": "2012-10-17",
        },
        "ManagedPolicyArns": Array [
          Object {
            "Fn::Join": Array [
              "",
              Array [
                "arn:",
                Object {
                  "Ref": "AWS::Partition",
                },
                ":iam::aws:policy/service-role/AWSLambdaBasicExecutionRole",
              ],
            ],
          },
        ],
      },
      "Type": "AWS::IAM::Role",
    },
    "escalateCaseFunction2DE16F3F": Object {
      "DependsOn": Array [
        "escalateCaseFunctionServiceRole1BAB0E40",
      ],
      "Properties": Object {
        "Code": Object {
          "S3Bucket": Object {
            "Fn::Sub": "cdk-hnb659fds-assets-\${AWS::AccountId}-\${AWS::Region}",
          },
          "S3Key": "1cb8bf0c772162f6d1e5286e2ac9058ac383b82d3fca9ad0e7ce3b16698e809a.zip",
        },
        "Environment": Object {
          "Variables": Object {
            "AWS_NODEJS_CONNECTION_REUSE_ENABLED": "1",
          },
        },
        "Handler": "index.handler",
        "Role": Object {
          "Fn::GetAtt": Array [
            "escalateCaseFunctionServiceRole1BAB0E40",
            "Arn",
          ],
        },
        "Runtime": "nodejs14.x",
      },
      "Type": "AWS::Lambda::Function",
    },
    "escalateCaseFunctionServiceRole1BAB0E40": Object {
      "Properties": Object {
        "AssumeRolePolicyDocument": Object {
          "Statement": Array [
            Object {
              "Action": "sts:AssumeRole",
              "Effect": "Allow",
              "Principal": Object {
                "Service": "lambda.amazonaws.com",
              },
            },
          ],
          "Version": "2012-10-17",
        },
        "ManagedPolicyArns": Array [
          Object {
            "Fn::Join": Array [
              "",
              Array [
                "arn:",
                Object {
                  "Ref": "AWS::Partition",
                },
                ":iam::aws:policy/service-role/AWSLambdaBasicExecutionRole",
              ],
            ],
          },
        ],
      },
      "Type": "AWS::IAM::Role",
    },
    "openCaseFunction64DF09DE": Object {
      "DependsOn": Array [
        "openCaseFunctionServiceRole5FA58BBF",
      ],
      "Properties": Object {
        "Code": Object {
          "S3Bucket": Object {
            "Fn::Sub": "cdk-hnb659fds-assets-\${AWS::AccountId}-\${AWS::Region}",
          },
          "S3Key": "ef1b36d26606d1a081af7f4325b521fb8a41bfc6e1c23b1d4f14a7f9d95c3167.zip",
        },
        "Environment": Object {
          "Variables": Object {
            "AWS_NODEJS_CONNECTION_REUSE_ENABLED": "1",
          },
        },
        "Handler": "index.handler",
        "Role": Object {
          "Fn::GetAtt": Array [
            "openCaseFunctionServiceRole5FA58BBF",
            "Arn",
          ],
        },
        "Runtime": "nodejs14.x",
      },
      "Type": "AWS::Lambda::Function",
    },
    "openCaseFunctionServiceRole5FA58BBF": Object {
      "Properties": Object {
        "AssumeRolePolicyDocument": Object {
          "Statement": Array [
            Object {
              "Action": "sts:AssumeRole",
              "Effect": "Allow",
              "Principal": Object {
                "Service": "lambda.amazonaws.com",
              },
            },
          ],
          "Version": "2012-10-17",
        },
        "ManagedPolicyArns": Array [
          Object {
            "Fn::Join": Array [
              "",
              Array [
                "arn:",
                Object {
                  "Ref": "AWS::Partition",
                },
                ":iam::aws:policy/service-role/AWSLambdaBasicExecutionRole",
              ],
            ],
          },
        ],
      },
      "Type": "AWS::IAM::Role",
    },
    "workOnCaseFunction65F13148": Object {
      "DependsOn": Array [
        "workOnCaseFunctionServiceRole271B4440",
      ],
      "Properties": Object {
        "Code": Object {
          "S3Bucket": Object {
            "Fn::Sub": "cdk-hnb659fds-assets-\${AWS::AccountId}-\${AWS::Region}",
          },
          "S3Key": "26c3316b3a5ed6144759943f006e21a171f59001b12d74cd13e02b1a38d8a6e9.zip",
        },
        "Environment": Object {
          "Variables": Object {
            "AWS_NODEJS_CONNECTION_REUSE_ENABLED": "1",
          },
        },
        "Handler": "index.handler",
        "Role": Object {
          "Fn::GetAtt": Array [
            "workOnCaseFunctionServiceRole271B4440",
            "Arn",
          ],
        },
        "Runtime": "nodejs14.x",
      },
      "Type": "AWS::Lambda::Function",
    },
    "workOnCaseFunctionServiceRole271B4440": Object {
      "Properties": Object {
        "AssumeRolePolicyDocument": Object {
          "Statement": Array [
            Object {
              "Action": "sts:AssumeRole",
              "Effect": "Allow",
              "Principal": Object {
                "Service": "lambda.amazonaws.com",
              },
            },
          ],
          "Version": "2012-10-17",
        },
        "ManagedPolicyArns": Array [
          Object {
            "Fn::Join": Array [
              "",
              Array [
                "arn:",
                Object {
                  "Ref": "AWS::Partition",
                },
                ":iam::aws:policy/service-role/AWSLambdaBasicExecutionRole",
              ],
            ],
          },
        ],
      },
      "Type": "AWS::IAM::Role",
    },
  },
  "Rules": Object {
    "CheckBootstrapVersion": Object {
      "Assertions": Array [
        Object {
          "Assert": Object {
            "Fn::Not": Array [
              Object {
                "Fn::Contains": Array [
                  Array [
                    "1",
                    "2",
                    "3",
                    "4",
                    "5",
                  ],
                  Object {
                    "Ref": "BootstrapVersion",
                  },
                ],
              },
            ],
          },
          "AssertDescription": "CDK bootstrap stack version 6 required. Please run 'cdk bootstrap' with a recent version of the CDK CLI.",
        },
      ],
    },
  },
}
`;
